Component: Arm Compiler for Embedded 6.22 Tool: armlink [5ee90200]

==============================================================================

Section Cross References

    startup_da14531.o(RESET) refers to startup_da14531.o(STACK) for __initial_sp
    startup_da14531.o(RESET) refers to startup_da14531.o(.text) for Reset_Handler
    startup_da14531.o(RESET) refers to lto-llvm-94a7b0.o(.text.UART_Handler) for UART_Handler
    startup_da14531.o(RESET) refers to lto-llvm-94a7b0.o(.text.UART2_Handler) for UART2_Handler
    startup_da14531.o(RESET) refers to lto-llvm-94a7b0.o(.text.I2C_Handler) for I2C_Handler
    startup_da14531.o(RESET) refers to lto-llvm-94a7b0.o(.text.GPIO0_Handler) for GPIO0_Handler
    startup_da14531.o(RESET) refers to lto-llvm-94a7b0.o(.text.GPIO1_Handler) for GPIO1_Handler
    startup_da14531.o(RESET) refers to lto-llvm-94a7b0.o(.text.GPIO2_Handler) for GPIO2_Handler
    startup_da14531.o(RESET) refers to lto-llvm-94a7b0.o(.text.GPIO3_Handler) for GPIO3_Handler
    startup_da14531.o(RESET) refers to lto-llvm-94a7b0.o(.text.GPIO4_Handler) for GPIO4_Handler
    startup_da14531.o(.text) refers to lto-llvm-94a7b0.o(system_DA14xxx) for SystemInit
    startup_da14531.o(.text) refers to entry.o(.ARM.Collect$$$$00000000) for __main
    startup_da14531.o(.text) refers to lto-llvm-94a7b0.o(.text.NMI_HandlerC) for NMI_HandlerC
    startup_da14531.o(.text) refers to lto-llvm-94a7b0.o(.text.HardFault_HandlerC) for HardFault_HandlerC
    entry.o(.ARM.Collect$$$$00000000) refers (Special) to entry10a.o(.ARM.Collect$$$$0000000D) for __rt_final_cpp
    entry.o(.ARM.Collect$$$$00000000) refers (Special) to entry11a.o(.ARM.Collect$$$$0000000F) for __rt_final_exit
    entry.o(.ARM.Collect$$$$00000000) refers (Special) to entry7b.o(.ARM.Collect$$$$00000008) for _main_clock
    entry.o(.ARM.Collect$$$$00000000) refers (Special) to entry8b.o(.ARM.Collect$$$$0000000A) for _main_cpp_init
    entry.o(.ARM.Collect$$$$00000000) refers (Special) to entry9a.o(.ARM.Collect$$$$0000000B) for _main_init
    entry.o(.ARM.Collect$$$$00000000) refers (Special) to entry5.o(.ARM.Collect$$$$00000004) for _main_scatterload
    entry.o(.ARM.Collect$$$$00000000) refers (Special) to entry2.o(.ARM.Collect$$$$00000001) for _main_stk
    printfb.o(i.__0fprintf$bare) refers to printfb.o(i._printf_core) for _printf_core
    printfb.o(i.__0fprintf$bare) refers to fputc.o(i.fputc) for fputc
    printfb.o(i.__0printf$bare) refers to printfb.o(i._printf_core) for _printf_core
    printfb.o(i.__0printf$bare) refers to fputc.o(i.fputc) for fputc
    printfb.o(i.__0printf$bare) refers to stdout.o(.data) for __stdout
    printfb.o(i.__0snprintf$bare) refers to printfb.o(i._printf_core) for _printf_core
    printfb.o(i.__0snprintf$bare) refers to printfb.o(i._snputc) for _snputc
    printfb.o(i.__0sprintf$bare) refers to printfb.o(i._printf_core) for _printf_core
    printfb.o(i.__0sprintf$bare) refers to printfb.o(i._sputc) for _sputc
    printfb.o(i.__0vfprintf$bare) refers to printfb.o(i._printf_core) for _printf_core
    printfb.o(i.__0vfprintf$bare) refers to fputc.o(i.fputc) for fputc
    printfb.o(i.__0vprintf$bare) refers to printfb.o(i._printf_core) for _printf_core
    printfb.o(i.__0vprintf$bare) refers to fputc.o(i.fputc) for fputc
    printfb.o(i.__0vprintf$bare) refers to stdout.o(.data) for __stdout
    printfb.o(i.__0vsnprintf$bare) refers to printfb.o(i._printf_core) for _printf_core
    printfb.o(i.__0vsnprintf$bare) refers to printfb.o(i._snputc) for _snputc
    printfb.o(i.__0vsprintf$bare) refers to printfb.o(i._printf_core) for _printf_core
    printfb.o(i.__0vsprintf$bare) refers to printfb.o(i._sputc) for _sputc
    printf0.o(i.__0fprintf$0) refers to printf0.o(i._printf_core) for _printf_core
    printf0.o(i.__0fprintf$0) refers to fputc.o(i.fputc) for fputc
    printf0.o(i.__0printf$0) refers to printf0.o(i._printf_core) for _printf_core
    printf0.o(i.__0printf$0) refers to fputc.o(i.fputc) for fputc
    printf0.o(i.__0printf$0) refers to stdout.o(.data) for __stdout
    printf0.o(i.__0snprintf$0) refers to printf0.o(i._printf_core) for _printf_core
    printf0.o(i.__0snprintf$0) refers to printf0.o(i._snputc) for _snputc
    printf0.o(i.__0sprintf$0) refers to printf0.o(i._printf_core) for _printf_core
    printf0.o(i.__0sprintf$0) refers to printf0.o(i._sputc) for _sputc
    printf0.o(i.__0vfprintf$0) refers to printf0.o(i._printf_core) for _printf_core
    printf0.o(i.__0vfprintf$0) refers to fputc.o(i.fputc) for fputc
    printf0.o(i.__0vprintf$0) refers to printf0.o(i._printf_core) for _printf_core
    printf0.o(i.__0vprintf$0) refers to fputc.o(i.fputc) for fputc
    printf0.o(i.__0vprintf$0) refers to stdout.o(.data) for __stdout
    printf0.o(i.__0vsnprintf$0) refers to printf0.o(i._printf_core) for _printf_core
    printf0.o(i.__0vsnprintf$0) refers to printf0.o(i._snputc) for _snputc
    printf0.o(i.__0vsprintf$0) refers to printf0.o(i._printf_core) for _printf_core
    printf0.o(i.__0vsprintf$0) refers to printf0.o(i._sputc) for _sputc
    printf1.o(i.__0fprintf$1) refers to printf1.o(i._printf_core) for _printf_core
    printf1.o(i.__0fprintf$1) refers to fputc.o(i.fputc) for fputc
    printf1.o(i.__0printf$1) refers to printf1.o(i._printf_core) for _printf_core
    printf1.o(i.__0printf$1) refers to fputc.o(i.fputc) for fputc
    printf1.o(i.__0printf$1) refers to stdout.o(.data) for __stdout
    printf1.o(i.__0snprintf$1) refers to printf1.o(i._printf_core) for _printf_core
    printf1.o(i.__0snprintf$1) refers to printf1.o(i._snputc) for _snputc
    printf1.o(i.__0sprintf$1) refers to printf1.o(i._printf_core) for _printf_core
    printf1.o(i.__0sprintf$1) refers to printf1.o(i._sputc) for _sputc
    printf1.o(i.__0vfprintf$1) refers to printf1.o(i._printf_core) for _printf_core
    printf1.o(i.__0vfprintf$1) refers to fputc.o(i.fputc) for fputc
    printf1.o(i.__0vprintf$1) refers to printf1.o(i._printf_core) for _printf_core
    printf1.o(i.__0vprintf$1) refers to fputc.o(i.fputc) for fputc
    printf1.o(i.__0vprintf$1) refers to stdout.o(.data) for __stdout
    printf1.o(i.__0vsnprintf$1) refers to printf1.o(i._printf_core) for _printf_core
    printf1.o(i.__0vsnprintf$1) refers to printf1.o(i._snputc) for _snputc
    printf1.o(i.__0vsprintf$1) refers to printf1.o(i._printf_core) for _printf_core
    printf1.o(i.__0vsprintf$1) refers to printf1.o(i._sputc) for _sputc
    printf1.o(i._printf_core) refers to uidiv_div0.o(.text) for __aeabi_uidivmod
    printf2.o(i.__0fprintf$2) refers to printf2.o(i._printf_core) for _printf_core
    printf2.o(i.__0fprintf$2) refers to fputc.o(i.fputc) for fputc
    printf2.o(i.__0printf$2) refers to printf2.o(i._printf_core) for _printf_core
    printf2.o(i.__0printf$2) refers to fputc.o(i.fputc) for fputc
    printf2.o(i.__0printf$2) refers to stdout.o(.data) for __stdout
    printf2.o(i.__0snprintf$2) refers to printf2.o(i._printf_core) for _printf_core
    printf2.o(i.__0snprintf$2) refers to printf2.o(i._snputc) for _snputc
    printf2.o(i.__0sprintf$2) refers to printf2.o(i._printf_core) for _printf_core
    printf2.o(i.__0sprintf$2) refers to printf2.o(i._sputc) for _sputc
    printf2.o(i.__0vfprintf$2) refers to printf2.o(i._printf_core) for _printf_core
    printf2.o(i.__0vfprintf$2) refers to fputc.o(i.fputc) for fputc
    printf2.o(i.__0vprintf$2) refers to printf2.o(i._printf_core) for _printf_core
    printf2.o(i.__0vprintf$2) refers to fputc.o(i.fputc) for fputc
    printf2.o(i.__0vprintf$2) refers to stdout.o(.data) for __stdout
    printf2.o(i.__0vsnprintf$2) refers to printf2.o(i._printf_core) for _printf_core
    printf2.o(i.__0vsnprintf$2) refers to printf2.o(i._snputc) for _snputc
    printf2.o(i.__0vsprintf$2) refers to printf2.o(i._printf_core) for _printf_core
    printf2.o(i.__0vsprintf$2) refers to printf2.o(i._sputc) for _sputc
    printf3.o(i.__0fprintf$3) refers to printf3.o(i._printf_core) for _printf_core
    printf3.o(i.__0fprintf$3) refers to fputc.o(i.fputc) for fputc
    printf3.o(i.__0printf$3) refers to printf3.o(i._printf_core) for _printf_core
    printf3.o(i.__0printf$3) refers to fputc.o(i.fputc) for fputc
    printf3.o(i.__0printf$3) refers to stdout.o(.data) for __stdout
    printf3.o(i.__0snprintf$3) refers to printf3.o(i._printf_core) for _printf_core
    printf3.o(i.__0snprintf$3) refers to printf3.o(i._snputc) for _snputc
    printf3.o(i.__0sprintf$3) refers to printf3.o(i._printf_core) for _printf_core
    printf3.o(i.__0sprintf$3) refers to printf3.o(i._sputc) for _sputc
    printf3.o(i.__0vfprintf$3) refers to printf3.o(i._printf_core) for _printf_core
    printf3.o(i.__0vfprintf$3) refers to fputc.o(i.fputc) for fputc
    printf3.o(i.__0vprintf$3) refers to printf3.o(i._printf_core) for _printf_core
    printf3.o(i.__0vprintf$3) refers to fputc.o(i.fputc) for fputc
    printf3.o(i.__0vprintf$3) refers to stdout.o(.data) for __stdout
    printf3.o(i.__0vsnprintf$3) refers to printf3.o(i._printf_core) for _printf_core
    printf3.o(i.__0vsnprintf$3) refers to printf3.o(i._snputc) for _snputc
    printf3.o(i.__0vsprintf$3) refers to printf3.o(i._printf_core) for _printf_core
    printf3.o(i.__0vsprintf$3) refers to printf3.o(i._sputc) for _sputc
    printf3.o(i._printf_core) refers to uidiv_div0.o(.text) for __aeabi_uidivmod
    printf4.o(i.__0fprintf$4) refers to printf4.o(i._printf_core) for _printf_core
    printf4.o(i.__0fprintf$4) refers to fputc.o(i.fputc) for fputc
    printf4.o(i.__0printf$4) refers to printf4.o(i._printf_core) for _printf_core
    printf4.o(i.__0printf$4) refers to fputc.o(i.fputc) for fputc
    printf4.o(i.__0printf$4) refers to stdout.o(.data) for __stdout
    printf4.o(i.__0snprintf$4) refers to printf4.o(i._printf_core) for _printf_core
    printf4.o(i.__0snprintf$4) refers to printf4.o(i._snputc) for _snputc
    printf4.o(i.__0sprintf$4) refers to printf4.o(i._printf_core) for _printf_core
    printf4.o(i.__0sprintf$4) refers to printf4.o(i._sputc) for _sputc
    printf4.o(i.__0vfprintf$4) refers to printf4.o(i._printf_core) for _printf_core
    printf4.o(i.__0vfprintf$4) refers to fputc.o(i.fputc) for fputc
    printf4.o(i.__0vprintf$4) refers to printf4.o(i._printf_core) for _printf_core
    printf4.o(i.__0vprintf$4) refers to fputc.o(i.fputc) for fputc
    printf4.o(i.__0vprintf$4) refers to stdout.o(.data) for __stdout
    printf4.o(i.__0vsnprintf$4) refers to printf4.o(i._printf_core) for _printf_core
    printf4.o(i.__0vsnprintf$4) refers to printf4.o(i._snputc) for _snputc
    printf4.o(i.__0vsprintf$4) refers to printf4.o(i._printf_core) for _printf_core
    printf4.o(i.__0vsprintf$4) refers to printf4.o(i._sputc) for _sputc
    printf4.o(i._printf_core) refers to uldiv.o(.text) for __aeabi_uldivmod
    printf5.o(i.__0fprintf$5) refers to printf5.o(i._printf_core) for _printf_core
    printf5.o(i.__0fprintf$5) refers to fputc.o(i.fputc) for fputc
    printf5.o(i.__0printf$5) refers to printf5.o(i._printf_core) for _printf_core
    printf5.o(i.__0printf$5) refers to fputc.o(i.fputc) for fputc
    printf5.o(i.__0printf$5) refers to stdout.o(.data) for __stdout
    printf5.o(i.__0snprintf$5) refers to printf5.o(i._printf_core) for _printf_core
    printf5.o(i.__0snprintf$5) refers to printf5.o(i._snputc) for _snputc
    printf5.o(i.__0sprintf$5) refers to printf5.o(i._printf_core) for _printf_core
    printf5.o(i.__0sprintf$5) refers to printf5.o(i._sputc) for _sputc
    printf5.o(i.__0vfprintf$5) refers to printf5.o(i._printf_core) for _printf_core
    printf5.o(i.__0vfprintf$5) refers to fputc.o(i.fputc) for fputc
    printf5.o(i.__0vprintf$5) refers to printf5.o(i._printf_core) for _printf_core
    printf5.o(i.__0vprintf$5) refers to fputc.o(i.fputc) for fputc
    printf5.o(i.__0vprintf$5) refers to stdout.o(.data) for __stdout
    printf5.o(i.__0vsnprintf$5) refers to printf5.o(i._printf_core) for _printf_core
    printf5.o(i.__0vsnprintf$5) refers to printf5.o(i._snputc) for _snputc
    printf5.o(i.__0vsprintf$5) refers to printf5.o(i._printf_core) for _printf_core
    printf5.o(i.__0vsprintf$5) refers to printf5.o(i._sputc) for _sputc
    printf5.o(i._printf_core) refers to uldiv.o(.text) for __aeabi_uldivmod
    printf6.o(i.__0fprintf$6) refers to printf6.o(i._printf_core) for _printf_core
    printf6.o(i.__0fprintf$6) refers to fputc.o(i.fputc) for fputc
    printf6.o(i.__0printf$6) refers to printf6.o(i._printf_core) for _printf_core
    printf6.o(i.__0printf$6) refers to fputc.o(i.fputc) for fputc
    printf6.o(i.__0printf$6) refers to stdout.o(.data) for __stdout
    printf6.o(i.__0snprintf$6) refers to printf6.o(i._printf_core) for _printf_core
    printf6.o(i.__0snprintf$6) refers to printf6.o(i._snputc) for _snputc
    printf6.o(i.__0sprintf$6) refers to printf6.o(i._printf_core) for _printf_core
    printf6.o(i.__0sprintf$6) refers to printf6.o(i._sputc) for _sputc
    printf6.o(i.__0vfprintf$6) refers to printf6.o(i._printf_core) for _printf_core
    printf6.o(i.__0vfprintf$6) refers to fputc.o(i.fputc) for fputc
    printf6.o(i.__0vprintf$6) refers to printf6.o(i._printf_core) for _printf_core
    printf6.o(i.__0vprintf$6) refers to fputc.o(i.fputc) for fputc
    printf6.o(i.__0vprintf$6) refers to stdout.o(.data) for __stdout
    printf6.o(i.__0vsnprintf$6) refers to printf6.o(i._printf_core) for _printf_core
    printf6.o(i.__0vsnprintf$6) refers to printf6.o(i._snputc) for _snputc
    printf6.o(i.__0vsprintf$6) refers to printf6.o(i._printf_core) for _printf_core
    printf6.o(i.__0vsprintf$6) refers to printf6.o(i._sputc) for _sputc
    printf6.o(i._printf_core) refers to printf6.o(i._printf_pre_padding) for _printf_pre_padding
    printf6.o(i._printf_core) refers to printf6.o(i._printf_post_padding) for _printf_post_padding
    printf6.o(i._printf_core) refers to uidiv_div0.o(.text) for __aeabi_uidivmod
    printf7.o(i.__0fprintf$7) refers to printf7.o(i._printf_core) for _printf_core
    printf7.o(i.__0fprintf$7) refers to fputc.o(i.fputc) for fputc
    printf7.o(i.__0printf$7) refers to printf7.o(i._printf_core) for _printf_core
    printf7.o(i.__0printf$7) refers to fputc.o(i.fputc) for fputc
    printf7.o(i.__0printf$7) refers to stdout.o(.data) for __stdout
    printf7.o(i.__0snprintf$7) refers to printf7.o(i._printf_core) for _printf_core
    printf7.o(i.__0snprintf$7) refers to printf7.o(i._snputc) for _snputc
    printf7.o(i.__0sprintf$7) refers to printf7.o(i._printf_core) for _printf_core
    printf7.o(i.__0sprintf$7) refers to printf7.o(i._sputc) for _sputc
    printf7.o(i.__0vfprintf$7) refers to printf7.o(i._printf_core) for _printf_core
    printf7.o(i.__0vfprintf$7) refers to fputc.o(i.fputc) for fputc
    printf7.o(i.__0vprintf$7) refers to printf7.o(i._printf_core) for _printf_core
    printf7.o(i.__0vprintf$7) refers to fputc.o(i.fputc) for fputc
    printf7.o(i.__0vprintf$7) refers to stdout.o(.data) for __stdout
    printf7.o(i.__0vsnprintf$7) refers to printf7.o(i._printf_core) for _printf_core
    printf7.o(i.__0vsnprintf$7) refers to printf7.o(i._snputc) for _snputc
    printf7.o(i.__0vsprintf$7) refers to printf7.o(i._printf_core) for _printf_core
    printf7.o(i.__0vsprintf$7) refers to printf7.o(i._sputc) for _sputc
    printf7.o(i._printf_core) refers to printf7.o(i._printf_pre_padding) for _printf_pre_padding
    printf7.o(i._printf_core) refers to printf7.o(i._printf_post_padding) for _printf_post_padding
    printf7.o(i._printf_core) refers to uldiv.o(.text) for __aeabi_uldivmod
    printf8.o(i.__0fprintf$8) refers to printf8.o(i._printf_core) for _printf_core
    printf8.o(i.__0fprintf$8) refers to fputc.o(i.fputc) for fputc
    printf8.o(i.__0printf$8) refers to printf8.o(i._printf_core) for _printf_core
    printf8.o(i.__0printf$8) refers to fputc.o(i.fputc) for fputc
    printf8.o(i.__0printf$8) refers to stdout.o(.data) for __stdout
    printf8.o(i.__0snprintf$8) refers to printf8.o(i._printf_core) for _printf_core
    printf8.o(i.__0snprintf$8) refers to printf8.o(i._snputc) for _snputc
    printf8.o(i.__0sprintf$8) refers to printf8.o(i._printf_core) for _printf_core
    printf8.o(i.__0sprintf$8) refers to printf8.o(i._sputc) for _sputc
    printf8.o(i.__0vfprintf$8) refers to printf8.o(i._printf_core) for _printf_core
    printf8.o(i.__0vfprintf$8) refers to fputc.o(i.fputc) for fputc
    printf8.o(i.__0vprintf$8) refers to printf8.o(i._printf_core) for _printf_core
    printf8.o(i.__0vprintf$8) refers to fputc.o(i.fputc) for fputc
    printf8.o(i.__0vprintf$8) refers to stdout.o(.data) for __stdout
    printf8.o(i.__0vsnprintf$8) refers to printf8.o(i._printf_core) for _printf_core
    printf8.o(i.__0vsnprintf$8) refers to printf8.o(i._snputc) for _snputc
    printf8.o(i.__0vsprintf$8) refers to printf8.o(i._printf_core) for _printf_core
    printf8.o(i.__0vsprintf$8) refers to printf8.o(i._sputc) for _sputc
    printf8.o(i._printf_core) refers to printf8.o(i._printf_pre_padding) for _printf_pre_padding
    printf8.o(i._printf_core) refers to printf8.o(i._printf_post_padding) for _printf_post_padding
    printf8.o(i._printf_core) refers to uldiv.o(.text) for __aeabi_uldivmod
    printfa.o(i.__0fprintf) refers (Special) to iusefp.o(.text) for __I$use$fp
    printfa.o(i.__0fprintf) refers to printfa.o(i._printf_core) for _printf_core
    printfa.o(i.__0fprintf) refers to fputc.o(i.fputc) for fputc
    printfa.o(i.__0printf) refers (Special) to iusefp.o(.text) for __I$use$fp
    printfa.o(i.__0printf) refers to printfa.o(i._printf_core) for _printf_core
    printfa.o(i.__0printf) refers to fputc.o(i.fputc) for fputc
    printfa.o(i.__0printf) refers to stdout.o(.data) for __stdout
    printfa.o(i.__0snprintf) refers (Special) to iusefp.o(.text) for __I$use$fp
    printfa.o(i.__0snprintf) refers to printfa.o(i._printf_core) for _printf_core
    printfa.o(i.__0snprintf) refers to printfa.o(i._snputc) for _snputc
    printfa.o(i.__0sprintf) refers (Special) to iusefp.o(.text) for __I$use$fp
    printfa.o(i.__0sprintf) refers to printfa.o(i._printf_core) for _printf_core
    printfa.o(i.__0sprintf) refers to printfa.o(i._sputc) for _sputc
    printfa.o(i.__0vfprintf) refers (Special) to iusefp.o(.text) for __I$use$fp
    printfa.o(i.__0vfprintf) refers to printfa.o(i._printf_core) for _printf_core
    printfa.o(i.__0vfprintf) refers to fputc.o(i.fputc) for fputc
    printfa.o(i.__0vprintf) refers (Special) to iusefp.o(.text) for __I$use$fp
    printfa.o(i.__0vprintf) refers to printfa.o(i._printf_core) for _printf_core
    printfa.o(i.__0vprintf) refers to fputc.o(i.fputc) for fputc
    printfa.o(i.__0vprintf) refers to stdout.o(.data) for __stdout
    printfa.o(i.__0vsnprintf) refers (Special) to iusefp.o(.text) for __I$use$fp
    printfa.o(i.__0vsnprintf) refers to printfa.o(i._printf_core) for _printf_core
    printfa.o(i.__0vsnprintf) refers to printfa.o(i._snputc) for _snputc
    printfa.o(i.__0vsprintf) refers (Special) to iusefp.o(.text) for __I$use$fp
    printfa.o(i.__0vsprintf) refers to printfa.o(i._printf_core) for _printf_core
    printfa.o(i.__0vsprintf) refers to printfa.o(i._sputc) for _sputc
    printfa.o(i._fp_digits) refers (Special) to iusefp.o(.text) for __I$use$fp
    printfa.o(i._fp_digits) refers to dmul.o(.text) for __aeabi_dmul
    printfa.o(i._fp_digits) refers to ddiv.o(.text) for __aeabi_ddiv
    printfa.o(i._fp_digits) refers to cdrcmple.o(.text) for __aeabi_cdrcmple
    printfa.o(i._fp_digits) refers to dadd.o(.text) for __aeabi_dadd
    printfa.o(i._fp_digits) refers to dfixul.o(.text) for __aeabi_d2ulz
    printfa.o(i._fp_digits) refers to uldiv.o(.text) for __aeabi_uldivmod
    printfa.o(i._printf_core) refers (Special) to iusefp.o(.text) for __I$use$fp
    printfa.o(i._printf_core) refers to printfa.o(i._printf_pre_padding) for _printf_pre_padding
    printfa.o(i._printf_core) refers to uldiv.o(.text) for __aeabi_uldivmod
    printfa.o(i._printf_core) refers to printfa.o(i._printf_post_padding) for _printf_post_padding
    printfa.o(i._printf_core) refers to printfa.o(i._fp_digits) for _fp_digits
    printfa.o(i._printf_core) refers to uidiv_div0.o(.text) for __aeabi_uidivmod
    printfa.o(i._printf_post_padding) refers (Special) to iusefp.o(.text) for __I$use$fp
    printfa.o(i._printf_pre_padding) refers (Special) to iusefp.o(.text) for __I$use$fp
    printfa.o(i._snputc) refers (Special) to iusefp.o(.text) for __I$use$fp
    printfa.o(i._sputc) refers (Special) to iusefp.o(.text) for __I$use$fp
    entry2.o(.ARM.Collect$$$$00000001) refers to entry2.o(.ARM.Collect$$$$00002712) for __lit__00000000
    entry2.o(.ARM.Collect$$$$00002712) refers to startup_da14531.o(STACK) for __initial_sp
    entry2.o(__vectab_stack_and_reset_area) refers to startup_da14531.o(STACK) for __initial_sp
    entry2.o(__vectab_stack_and_reset_area) refers to entry.o(.ARM.Collect$$$$00000000) for __main
    entry5.o(.ARM.Collect$$$$00000004) refers to init.o(.text) for __scatterload
    entry9a.o(.ARM.Collect$$$$0000000B) refers to lto-llvm-94a7b0.o(.text.main) for main
    entry9b.o(.ARM.Collect$$$$0000000C) refers to lto-llvm-94a7b0.o(.text.main) for main
    fputc.o(i.fputc) refers (Special) to iusesemip.o(.text) for __I$use$semihosting$fputc
    fputc.o(i.fputc) refers (Special) to semi.o(.text) for __semihosting_library_function
    fputc_h.o(i._fputc$hlt) refers (Special) to iusesemip.o(.text) for __I$use$semihosting$fputc
    fputc_h.o(i._fputc$hlt) refers (Special) to semi.o(.text) for __semihosting_library_function
    uldiv.o(.text) refers to llushr.o(.text) for __aeabi_llsr
    uldiv.o(.text) refers to llshl.o(.text) for __aeabi_llsl
    dadd.o(.text) refers (Special) to iusefp.o(.text) for __I$use$fp
    dadd.o(.text) refers to llshl.o(.text) for __aeabi_llsl
    dadd.o(.text) refers to llsshr.o(.text) for __aeabi_lasr
    dadd.o(.text) refers to depilogue.o(.text) for _double_epilogue
    dmul.o(.text) refers (Special) to iusefp.o(.text) for __I$use$fp
    dmul.o(.text) refers to depilogue.o(.text) for _double_epilogue
    ddiv.o(.text) refers (Special) to iusefp.o(.text) for __I$use$fp
    ddiv.o(.text) refers to depilogue.o(.text) for _double_round
    dfixul.o(.text) refers (Special) to iusefp.o(.text) for __I$use$fp
    dfixul.o(.text) refers to llushr.o(.text) for __aeabi_llsr
    dfixul.o(.text) refers to llshl.o(.text) for __aeabi_llsl
    cdrcmple.o(.text) refers (Special) to iusefp.o(.text) for __I$use$fp
    init.o(.text) refers to entry5.o(.ARM.Collect$$$$00000004) for __main_after_scatterload
    idiv_div0.o(.text) refers to uidiv_div0.o(.text) for __aeabi_uidivmod
    depilogue.o(.text) refers (Special) to iusefp.o(.text) for __I$use$fp
    depilogue.o(.text) refers to depilogue.o(i.__ARM_clz) for __ARM_clz
    depilogue.o(.text) refers to llshl.o(.text) for __aeabi_llsl
    depilogue.o(.text) refers to llushr.o(.text) for __aeabi_llsr
    lto-llvm-94a7b0.o(system_DA14xxx) refers to lto-llvm-94a7b0.o(otp_cs_booter) for [Anonymous Symbol]
    lto-llvm-94a7b0.o(.ARM.exidxsystem_DA14xxx) refers to lto-llvm-94a7b0.o(system_DA14xxx) for [Anonymous Symbol]
    lto-llvm-94a7b0.o(.ARM.exidx.text.HardFault_HandlerC) refers to lto-llvm-94a7b0.o(.text.HardFault_HandlerC) for [Anonymous Symbol]
    lto-llvm-94a7b0.o(.ARM.exidx.text.NMI_HandlerC) refers to lto-llvm-94a7b0.o(.text.NMI_HandlerC) for [Anonymous Symbol]
    lto-llvm-94a7b0.o(.ARM.exidx.text.syscntl_dcdc_get_level) refers to lto-llvm-94a7b0.o(.text.syscntl_dcdc_get_level) for [Anonymous Symbol]
    lto-llvm-94a7b0.o(.ARM.exidx.text.syscntl_dcdc_set_level) refers to lto-llvm-94a7b0.o(.text.syscntl_dcdc_set_level) for [Anonymous Symbol]
    lto-llvm-94a7b0.o(.ARM.exidx.text.GPIOn_Handler) refers to lto-llvm-94a7b0.o(.text.GPIOn_Handler) for [Anonymous Symbol]
    lto-llvm-94a7b0.o(.text.GPIO0_Handler) refers to lto-llvm-94a7b0.o(.text.GPIOn_Handler) for GPIOn_Handler
    lto-llvm-94a7b0.o(.ARM.exidx.text.GPIO0_Handler) refers to lto-llvm-94a7b0.o(.text.GPIO0_Handler) for [Anonymous Symbol]
    lto-llvm-94a7b0.o(.text.GPIO1_Handler) refers to lto-llvm-94a7b0.o(.text.GPIOn_Handler) for GPIOn_Handler
    lto-llvm-94a7b0.o(.ARM.exidx.text.GPIO1_Handler) refers to lto-llvm-94a7b0.o(.text.GPIO1_Handler) for [Anonymous Symbol]
    lto-llvm-94a7b0.o(.text.GPIO2_Handler) refers to lto-llvm-94a7b0.o(.text.GPIOn_Handler) for GPIOn_Handler
    lto-llvm-94a7b0.o(.ARM.exidx.text.GPIO2_Handler) refers to lto-llvm-94a7b0.o(.text.GPIO2_Handler) for [Anonymous Symbol]
    lto-llvm-94a7b0.o(.text.GPIO3_Handler) refers to lto-llvm-94a7b0.o(.text.GPIOn_Handler) for GPIOn_Handler
    lto-llvm-94a7b0.o(.ARM.exidx.text.GPIO3_Handler) refers to lto-llvm-94a7b0.o(.text.GPIO3_Handler) for [Anonymous Symbol]
    lto-llvm-94a7b0.o(.text.GPIO4_Handler) refers to lto-llvm-94a7b0.o(.text.GPIOn_Handler) for GPIOn_Handler
    lto-llvm-94a7b0.o(.ARM.exidx.text.GPIO4_Handler) refers to lto-llvm-94a7b0.o(.text.GPIO4_Handler) for [Anonymous Symbol]
    lto-llvm-94a7b0.o(.text.UART_Handler) refers to lto-llvm-94a7b0.o(.text.uart_intr_hndl) for uart_intr_hndl
    lto-llvm-94a7b0.o(.ARM.exidx.text.UART_Handler) refers to lto-llvm-94a7b0.o(.text.UART_Handler) for [Anonymous Symbol]
    lto-llvm-94a7b0.o(.text.uart_intr_hndl) refers to lto-llvm-94a7b0.o(.text.uart_rx_isr) for uart_rx_isr
    lto-llvm-94a7b0.o(.text.uart_intr_hndl) refers to lto-llvm-94a7b0.o(.bss.retention_mem_area0) for [Anonymous Symbol]
    lto-llvm-94a7b0.o(.ARM.exidx.text.uart_intr_hndl) refers to lto-llvm-94a7b0.o(.text.uart_intr_hndl) for [Anonymous Symbol]
    lto-llvm-94a7b0.o(.text.uart_rx_isr) refers to lto-llvm-94a7b0.o(.bss.retention_mem_area0) for [Anonymous Symbol]
    lto-llvm-94a7b0.o(.ARM.exidx.text.uart_rx_isr) refers to lto-llvm-94a7b0.o(.text.uart_rx_isr) for [Anonymous Symbol]
    lto-llvm-94a7b0.o(.text.UART2_Handler) refers to lto-llvm-94a7b0.o(.text.uart_intr_hndl) for uart_intr_hndl
    lto-llvm-94a7b0.o(.ARM.exidx.text.UART2_Handler) refers to lto-llvm-94a7b0.o(.text.UART2_Handler) for [Anonymous Symbol]
    lto-llvm-94a7b0.o(.text.printf_string) refers to strlen.o(.text) for strlen
    lto-llvm-94a7b0.o(.text.printf_string) refers to lto-llvm-94a7b0.o(.bss.retention_mem_area0) for [Anonymous Symbol]
    lto-llvm-94a7b0.o(.ARM.exidx.text.printf_string) refers to lto-llvm-94a7b0.o(.text.printf_string) for [Anonymous Symbol]
    lto-llvm-94a7b0.o(.ARM.exidx.text.i2c_master_transmit_buffer_sync) refers to lto-llvm-94a7b0.o(.text.i2c_master_transmit_buffer_sync) for [Anonymous Symbol]
    lto-llvm-94a7b0.o(.ARM.exidx.text.I2C_Handler) refers to lto-llvm-94a7b0.o(.text.I2C_Handler) for [Anonymous Symbol]
    lto-llvm-94a7b0.o(.text.i2c_read_reg) refers to lto-llvm-94a7b0.o(.text.i2c_master_transmit_buffer_sync) for i2c_master_transmit_buffer_sync
    lto-llvm-94a7b0.o(.ARM.exidx.text.i2c_read_reg) refers to lto-llvm-94a7b0.o(.text.i2c_read_reg) for [Anonymous Symbol]
    lto-llvm-94a7b0.o(.text.main) refers to lto-llvm-94a7b0.o(.text.syscntl_dcdc_get_level) for syscntl_dcdc_get_level
    lto-llvm-94a7b0.o(.text.main) refers to lto-llvm-94a7b0.o(.text.syscntl_dcdc_set_level) for syscntl_dcdc_set_level
    lto-llvm-94a7b0.o(.text.main) refers to lto-llvm-94a7b0.o(.bss.retention_mem_area0) for [Anonymous Symbol]
    lto-llvm-94a7b0.o(.text.main) refers to lto-llvm-94a7b0.o(.bss..L_MergedGlobals.20) for [Anonymous Symbol]
    lto-llvm-94a7b0.o(.text.main) refers to memcpya.o(.text) for __aeabi_memcpy
    lto-llvm-94a7b0.o(.text.main) refers to arch_asm.o(.text) for arch_asm_delay_us
    lto-llvm-94a7b0.o(.text.main) refers to lto-llvm-94a7b0.o(otp_cs_booter) for [Anonymous Symbol]
    lto-llvm-94a7b0.o(.text.main) refers to lto-llvm-94a7b0.o(.text.i2c_master_transmit_buffer_sync) for i2c_master_transmit_buffer_sync
    lto-llvm-94a7b0.o(.text.main) refers to lto-llvm-94a7b0.o(.text.i2c_read_reg) for i2c_read_reg
    lto-llvm-94a7b0.o(.text.main) refers to printf8.o(i.__0sprintf$8) for __2sprintf
    lto-llvm-94a7b0.o(.text.main) refers to lto-llvm-94a7b0.o(.text.printf_string) for printf_string
    lto-llvm-94a7b0.o(.ARM.exidx.text.main) refers to lto-llvm-94a7b0.o(.text.main) for [Anonymous Symbol]
    depilogue.o(i.__ARM_clz) refers (Special) to iusefp.o(.text) for __I$use$fp


==============================================================================

Removing Unused input sections from the image.

    Removing startup_da14531.o(HEAP), (256 bytes).
    Removing dadd.o(.text), (356 bytes).
    Removing dmul.o(.text), (208 bytes).
    Removing ddiv.o(.text), (240 bytes).
    Removing dfixul.o(.text), (64 bytes).
    Removing cdrcmple.o(.text), (40 bytes).
    Removing depilogue.o(.text), (190 bytes).
    Removing lto-llvm-94a7b0.o(.text), (0 bytes).
    Removing lto-llvm-94a7b0.o(.ARM.exidxsystem_DA14xxx), (8 bytes).
    Removing lto-llvm-94a7b0.o(.ARM.exidx.text.HardFault_HandlerC), (8 bytes).
    Removing lto-llvm-94a7b0.o(.ARM.exidx.text.NMI_HandlerC), (8 bytes).
    Removing lto-llvm-94a7b0.o(.ARM.exidx.text.syscntl_dcdc_get_level), (8 bytes).
    Removing lto-llvm-94a7b0.o(.ARM.exidx.text.syscntl_dcdc_set_level), (8 bytes).
    Removing lto-llvm-94a7b0.o(.ARM.exidx.text.GPIOn_Handler), (8 bytes).
    Removing lto-llvm-94a7b0.o(.ARM.exidx.text.GPIO0_Handler), (8 bytes).
    Removing lto-llvm-94a7b0.o(.ARM.exidx.text.GPIO1_Handler), (8 bytes).
    Removing lto-llvm-94a7b0.o(.ARM.exidx.text.GPIO2_Handler), (8 bytes).
    Removing lto-llvm-94a7b0.o(.ARM.exidx.text.GPIO3_Handler), (8 bytes).
    Removing lto-llvm-94a7b0.o(.ARM.exidx.text.GPIO4_Handler), (8 bytes).
    Removing lto-llvm-94a7b0.o(.ARM.exidx.text.UART_Handler), (8 bytes).
    Removing lto-llvm-94a7b0.o(.ARM.exidx.text.uart_intr_hndl), (8 bytes).
    Removing lto-llvm-94a7b0.o(.ARM.exidx.text.uart_rx_isr), (8 bytes).
    Removing lto-llvm-94a7b0.o(.ARM.exidx.text.UART2_Handler), (8 bytes).
    Removing lto-llvm-94a7b0.o(.ARM.exidx.text.printf_string), (8 bytes).
    Removing lto-llvm-94a7b0.o(.ARM.exidx.text.i2c_master_transmit_buffer_sync), (8 bytes).
    Removing lto-llvm-94a7b0.o(.ARM.exidx.text.I2C_Handler), (8 bytes).
    Removing lto-llvm-94a7b0.o(.ARM.exidx.text.i2c_read_reg), (8 bytes).
    Removing lto-llvm-94a7b0.o(.ARM.exidx.text.main), (8 bytes).
    Removing lto-llvm-94a7b0.o(.ARM.use_no_argv), (4 bytes).
    Removing depilogue.o(i.__ARM_clz), (46 bytes).

30 unused section(s) (total 1564 bytes) removed from the image.

==============================================================================

Image Symbol Table

    Local Symbols

    Symbol Name                              Value     Ov Type        Size  Object(Section)

    ../clib/division.s                       0x00000000   Number         0  aeabi_sdiv.o ABSOLUTE
    ../clib/division.s                       0x00000000   Number         0  aeabi_sdiv_div0.o ABSOLUTE
    ../clib/microlib/division.c              0x00000000   Number         0  uidiv.o ABSOLUTE
    ../clib/microlib/division.c              0x00000000   Number         0  uldiv.o ABSOLUTE
    ../clib/microlib/division.c              0x00000000   Number         0  uidiv_div0.o ABSOLUTE
    ../clib/microlib/division.c              0x00000000   Number         0  idiv_div0.o ABSOLUTE
    ../clib/microlib/division.c              0x00000000   Number         0  idiv0.o ABSOLUTE
    ../clib/microlib/init/entry.s            0x00000000   Number         0  entry.o ABSOLUTE
    ../clib/microlib/init/entry.s            0x00000000   Number         0  entry2.o ABSOLUTE
    ../clib/microlib/init/entry.s            0x00000000   Number         0  entry5.o ABSOLUTE
    ../clib/microlib/init/entry.s            0x00000000   Number         0  entry7a.o ABSOLUTE
    ../clib/microlib/init/entry.s            0x00000000   Number         0  entry7b.o ABSOLUTE
    ../clib/microlib/init/entry.s            0x00000000   Number         0  entry8a.o ABSOLUTE
    ../clib/microlib/init/entry.s            0x00000000   Number         0  entry8b.o ABSOLUTE
    ../clib/microlib/init/entry.s            0x00000000   Number         0  entry9a.o ABSOLUTE
    ../clib/microlib/init/entry.s            0x00000000   Number         0  entry9b.o ABSOLUTE
    ../clib/microlib/init/entry.s            0x00000000   Number         0  entry10a.o ABSOLUTE
    ../clib/microlib/init/entry.s            0x00000000   Number         0  entry10b.o ABSOLUTE
    ../clib/microlib/init/entry.s            0x00000000   Number         0  entry11a.o ABSOLUTE
    ../clib/microlib/init/entry.s            0x00000000   Number         0  entry11b.o ABSOLUTE
    ../clib/microlib/longlong.c              0x00000000   Number         0  llshl.o ABSOLUTE
    ../clib/microlib/longlong.c              0x00000000   Number         0  llushr.o ABSOLUTE
    ../clib/microlib/longlong.c              0x00000000   Number         0  llsshr.o ABSOLUTE
    ../clib/microlib/printf/printf.c         0x00000000   Number         0  printfb.o ABSOLUTE
    ../clib/microlib/printf/printf.c         0x00000000   Number         0  printf0.o ABSOLUTE
    ../clib/microlib/printf/printf.c         0x00000000   Number         0  printf1.o ABSOLUTE
    ../clib/microlib/printf/printf.c         0x00000000   Number         0  printf2.o ABSOLUTE
    ../clib/microlib/printf/printf.c         0x00000000   Number         0  printf3.o ABSOLUTE
    ../clib/microlib/printf/printf.c         0x00000000   Number         0  printf4.o ABSOLUTE
    ../clib/microlib/printf/printf.c         0x00000000   Number         0  printf5.o ABSOLUTE
    ../clib/microlib/printf/printf.c         0x00000000   Number         0  printf6.o ABSOLUTE
    ../clib/microlib/printf/printf.c         0x00000000   Number         0  printf7.o ABSOLUTE
    ../clib/microlib/printf/printf.c         0x00000000   Number         0  printf8.o ABSOLUTE
    ../clib/microlib/printf/printf.c         0x00000000   Number         0  printfa.o ABSOLUTE
    ../clib/microlib/printf/stubs.s          0x00000000   Number         0  printfstubs.o ABSOLUTE
    ../clib/microlib/stdio/fputc.c           0x00000000   Number         0  fputc.o ABSOLUTE
    ../clib/microlib/stdio/fputc.c           0x00000000   Number         0  fputc_h.o ABSOLUTE
    ../clib/microlib/stdio/semi.s            0x00000000   Number         0  semi.o ABSOLUTE
    ../clib/microlib/stdio/streams.c         0x00000000   Number         0  stdout.o ABSOLUTE
    ../clib/microlib/string/memcpy.c         0x00000000   Number         0  memcpya.o ABSOLUTE
    ../clib/microlib/string/memcpy.c         0x00000000   Number         0  memcpyb.o ABSOLUTE
    ../clib/microlib/string/strlen.c         0x00000000   Number         0  strlen.o ABSOLUTE
    ../clib/microlib/stubs.s                 0x00000000   Number         0  iusefp.o ABSOLUTE
    ../clib/microlib/stubs.s                 0x00000000   Number         0  iusesemip.o ABSOLUTE
    ../fplib/microlib/fpadd.c                0x00000000   Number         0  dadd.o ABSOLUTE
    ../fplib/microlib/fpdiv.c                0x00000000   Number         0  ddiv.o ABSOLUTE
    ../fplib/microlib/fpepilogue.c           0x00000000   Number         0  depilogue.o ABSOLUTE
    ../fplib/microlib/fpfix.c                0x00000000   Number         0  dfixul.o ABSOLUTE
    ../fplib/microlib/fpmul.c                0x00000000   Number         0  dmul.o ABSOLUTE
    ..\..\..\..\..\..\sdk\platform\arch\boot\ARM\startup_DA14531.s 0x00000000   Number         0  startup_da14531.o ABSOLUTE
    ..\..\..\arch\asm\ARM\arch_asm.s         0x00000000   Number         0  arch_asm.o ABSOLUTE
    cdrcmple.s                               0x00000000   Number         0  cdrcmple.o ABSOLUTE
    dc.s                                     0x00000000   Number         0  dc.o ABSOLUTE
    handlers.s                               0x00000000   Number         0  handlers.o ABSOLUTE
    init.s                                   0x00000000   Number         0  init.o ABSOLUTE
    ld-temp.o                                0x00000000   Number         0  lto-llvm-94a7b0.o ABSOLUTE
    RESET                                    0x07fc0000   Section      160  startup_da14531.o(RESET)
    .ARM.Collect$$$$00000000                 0x07fc00a0   Section        0  entry.o(.ARM.Collect$$$$00000000)
    .ARM.Collect$$$$00000001                 0x07fc00a0   Section        4  entry2.o(.ARM.Collect$$$$00000001)
    .ARM.Collect$$$$00000004                 0x07fc00a4   Section        4  entry5.o(.ARM.Collect$$$$00000004)
    .ARM.Collect$$$$00000008                 0x07fc00a8   Section        0  entry7b.o(.ARM.Collect$$$$00000008)
    .ARM.Collect$$$$0000000A                 0x07fc00a8   Section        0  entry8b.o(.ARM.Collect$$$$0000000A)
    .ARM.Collect$$$$0000000B                 0x07fc00a8   Section        8  entry9a.o(.ARM.Collect$$$$0000000B)
    __lit__00000000                          0x07fc00b0   Data           4  entry2.o(.ARM.Collect$$$$00002712)
    .ARM.Collect$$$$0000000D                 0x07fc00b0   Section        0  entry10a.o(.ARM.Collect$$$$0000000D)
    .ARM.Collect$$$$0000000F                 0x07fc00b0   Section        0  entry11a.o(.ARM.Collect$$$$0000000F)
    .ARM.Collect$$$$00002712                 0x07fc00b0   Section        4  entry2.o(.ARM.Collect$$$$00002712)
    .text                                    0x07fc00b4   Section       80  startup_da14531.o(.text)
    NMI_Handler                              0x07fc00bd   Thumb Code    24  startup_da14531.o(.text)
    HardFault_Handler                        0x07fc00d5   Thumb Code    24  startup_da14531.o(.text)
    loop                                     0x07fc0105   Thumb Code     0  arch_asm.o(.text)
    .text                                    0x07fc0104   Section       32  arch_asm.o(.text)
    exit                                     0x07fc0123   Thumb Code     0  arch_asm.o(.text)
    .text                                    0x07fc0124   Section        0  strlen.o(.text)
    .text                                    0x07fc0132   Section        0  uldiv.o(.text)
    .text                                    0x07fc0194   Section       48  init.o(.text)
    .text                                    0x07fc01c4   Section        0  llshl.o(.text)
    .text                                    0x07fc01e4   Section        0  llushr.o(.text)
    .text                                    0x07fc0206   Section        0  memcpya.o(.text)
    [Anonymous Symbol]                       0x07fc022a   Section        0  lto-llvm-94a7b0.o(.text.GPIO0_Handler)
    [Anonymous Symbol]                       0x07fc0234   Section        0  lto-llvm-94a7b0.o(.text.GPIO1_Handler)
    [Anonymous Symbol]                       0x07fc023e   Section        0  lto-llvm-94a7b0.o(.text.GPIO2_Handler)
    [Anonymous Symbol]                       0x07fc0248   Section        0  lto-llvm-94a7b0.o(.text.GPIO3_Handler)
    [Anonymous Symbol]                       0x07fc0252   Section        0  lto-llvm-94a7b0.o(.text.GPIO4_Handler)
    GPIOn_Handler                            0x07fc025d   Thumb Code    64  lto-llvm-94a7b0.o(.text.GPIOn_Handler)
    [Anonymous Symbol]                       0x07fc025c   Section        0  lto-llvm-94a7b0.o(.text.GPIOn_Handler)
    __arm_cp.5_0                             0x07fc029c   Number         4  lto-llvm-94a7b0.o(.text.GPIOn_Handler)
    __arm_cp.5_1                             0x07fc02a0   Number         4  lto-llvm-94a7b0.o(.text.GPIOn_Handler)
    [Anonymous Symbol]                       0x07fc02a4   Section        0  lto-llvm-94a7b0.o(.text.HardFault_HandlerC)
    [Anonymous Symbol]                       0x07fc02a8   Section        0  lto-llvm-94a7b0.o(.text.I2C_Handler)
    __arm_cp.17_0                            0x07fc02b4   Number         4  lto-llvm-94a7b0.o(.text.I2C_Handler)
    __arm_cp.17_1                            0x07fc02b8   Number         4  lto-llvm-94a7b0.o(.text.I2C_Handler)
    [Anonymous Symbol]                       0x07fc02bc   Section        0  lto-llvm-94a7b0.o(.text.NMI_HandlerC)
    [Anonymous Symbol]                       0x07fc02c0   Section        0  lto-llvm-94a7b0.o(.text.UART2_Handler)
    __arm_cp.14_0                            0x07fc02cc   Number         4  lto-llvm-94a7b0.o(.text.UART2_Handler)
    [Anonymous Symbol]                       0x07fc02d0   Section        0  lto-llvm-94a7b0.o(.text.UART_Handler)
    __arm_cp.11_0                            0x07fc02dc   Number         4  lto-llvm-94a7b0.o(.text.UART_Handler)
    i2c_master_transmit_buffer_sync          0x07fc02e1   Thumb Code    88  lto-llvm-94a7b0.o(.text.i2c_master_transmit_buffer_sync)
    [Anonymous Symbol]                       0x07fc02e0   Section        0  lto-llvm-94a7b0.o(.text.i2c_master_transmit_buffer_sync)
    __arm_cp.16_0                            0x07fc0338   Number         4  lto-llvm-94a7b0.o(.text.i2c_master_transmit_buffer_sync)
    i2c_read_reg                             0x07fc033d   Thumb Code    80  lto-llvm-94a7b0.o(.text.i2c_read_reg)
    [Anonymous Symbol]                       0x07fc033c   Section        0  lto-llvm-94a7b0.o(.text.i2c_read_reg)
    __arm_cp.18_0                            0x07fc038c   Number         4  lto-llvm-94a7b0.o(.text.i2c_read_reg)
    __arm_cp.18_1                            0x07fc0390   Number         4  lto-llvm-94a7b0.o(.text.i2c_read_reg)
    [Anonymous Symbol]                       0x07fc0394   Section        0  lto-llvm-94a7b0.o(.text.main)
    __arm_cp.19_33                           0x07fc0634   Number         4  lto-llvm-94a7b0.o(.text.main)
    __arm_cp.19_35                           0x07fc063c   Number         4  lto-llvm-94a7b0.o(.text.main)
    __arm_cp.19_37                           0x07fc0644   Number         4  lto-llvm-94a7b0.o(.text.main)
    __arm_cp.19_38                           0x07fc0648   Number         4  lto-llvm-94a7b0.o(.text.main)
    __arm_cp.19_39                           0x07fc064c   Number         4  lto-llvm-94a7b0.o(.text.main)
    __arm_cp.19_49                           0x07fc0674   Number         4  lto-llvm-94a7b0.o(.text.main)
    __arm_cp.19_51                           0x07fc09c0   Number         4  lto-llvm-94a7b0.o(.text.main)
    __arm_cp.19_0                            0x07fc0b0c   Number         4  lto-llvm-94a7b0.o(.text.main)
    __arm_cp.19_2                            0x07fc0b10   Number         4  lto-llvm-94a7b0.o(.text.main)
    __arm_cp.19_4                            0x07fc0b14   Number         4  lto-llvm-94a7b0.o(.text.main)
    __arm_cp.19_7                            0x07fc0b18   Number         4  lto-llvm-94a7b0.o(.text.main)
    __arm_cp.19_9                            0x07fc0b1c   Number         4  lto-llvm-94a7b0.o(.text.main)
    __arm_cp.19_10                           0x07fc0b20   Number         4  lto-llvm-94a7b0.o(.text.main)
    __arm_cp.19_11                           0x07fc0b24   Number         4  lto-llvm-94a7b0.o(.text.main)
    __arm_cp.19_12                           0x07fc0b28   Number         4  lto-llvm-94a7b0.o(.text.main)
    __arm_cp.19_13                           0x07fc0b2c   Number         4  lto-llvm-94a7b0.o(.text.main)
    __arm_cp.19_14                           0x07fc0b30   Number         4  lto-llvm-94a7b0.o(.text.main)
    __arm_cp.19_15                           0x07fc0b34   Number         4  lto-llvm-94a7b0.o(.text.main)
    __arm_cp.19_16                           0x07fc0b38   Number         4  lto-llvm-94a7b0.o(.text.main)
    __arm_cp.19_18                           0x07fc0b3c   Number         4  lto-llvm-94a7b0.o(.text.main)
    __arm_cp.19_20                           0x07fc0b40   Number         4  lto-llvm-94a7b0.o(.text.main)
    __arm_cp.19_21                           0x07fc0b44   Number         4  lto-llvm-94a7b0.o(.text.main)
    __arm_cp.19_22                           0x07fc0b48   Number         4  lto-llvm-94a7b0.o(.text.main)
    __arm_cp.19_23                           0x07fc0b4c   Number         4  lto-llvm-94a7b0.o(.text.main)
    __arm_cp.19_24                           0x07fc0b50   Number         4  lto-llvm-94a7b0.o(.text.main)
    __arm_cp.19_25                           0x07fc0b54   Number         4  lto-llvm-94a7b0.o(.text.main)
    __arm_cp.19_26                           0x07fc0b58   Number         4  lto-llvm-94a7b0.o(.text.main)
    __arm_cp.19_28                           0x07fc0b70   Number         4  lto-llvm-94a7b0.o(.text.main)
    __arm_cp.19_30                           0x07fc0b94   Number         4  lto-llvm-94a7b0.o(.text.main)
    printf_string                            0x07fc0b99   Thumb Code    40  lto-llvm-94a7b0.o(.text.printf_string)
    [Anonymous Symbol]                       0x07fc0b98   Section        0  lto-llvm-94a7b0.o(.text.printf_string)
    __arm_cp.15_1                            0x07fc0bc0   Number         4  lto-llvm-94a7b0.o(.text.printf_string)
    syscntl_dcdc_get_level                   0x07fc0bc5   Thumb Code    20  lto-llvm-94a7b0.o(.text.syscntl_dcdc_get_level)
    [Anonymous Symbol]                       0x07fc0bc4   Section        0  lto-llvm-94a7b0.o(.text.syscntl_dcdc_get_level)
    syscntl_dcdc_set_level                   0x07fc0bd9   Thumb Code    40  lto-llvm-94a7b0.o(.text.syscntl_dcdc_set_level)
    [Anonymous Symbol]                       0x07fc0bd8   Section        0  lto-llvm-94a7b0.o(.text.syscntl_dcdc_set_level)
    __arm_cp.4_0                             0x07fc0c00   Number         4  lto-llvm-94a7b0.o(.text.syscntl_dcdc_set_level)
    __arm_cp.4_1                             0x07fc0c04   Number         4  lto-llvm-94a7b0.o(.text.syscntl_dcdc_set_level)
    __arm_cp.4_2                             0x07fc0c08   Number         4  lto-llvm-94a7b0.o(.text.syscntl_dcdc_set_level)
    uart_intr_hndl                           0x07fc0c0d   Thumb Code   208  lto-llvm-94a7b0.o(.text.uart_intr_hndl)
    [Anonymous Symbol]                       0x07fc0c0c   Section        0  lto-llvm-94a7b0.o(.text.uart_intr_hndl)
    uart_rx_isr                              0x07fc0cdd   Thumb Code    68  lto-llvm-94a7b0.o(.text.uart_rx_isr)
    [Anonymous Symbol]                       0x07fc0cdc   Section        0  lto-llvm-94a7b0.o(.text.uart_rx_isr)
    __arm_cp.13_0                            0x07fc0d20   Number         4  lto-llvm-94a7b0.o(.text.uart_rx_isr)
    __arm_cp.13_1                            0x07fc0d24   Number         4  lto-llvm-94a7b0.o(.text.uart_rx_isr)
    i.__0sprintf$8                           0x07fc0d28   Section        0  printf8.o(i.__0sprintf$8)
    i.__scatterload_copy                     0x07fc0d50   Section       14  handlers.o(i.__scatterload_copy)
    i.__scatterload_null                     0x07fc0d5e   Section        2  handlers.o(i.__scatterload_null)
    i.__scatterload_zeroinit                 0x07fc0d60   Section       14  handlers.o(i.__scatterload_zeroinit)
    _printf_core                             0x07fc0d71   Thumb Code  1020  printf8.o(i._printf_core)
    i._printf_core                           0x07fc0d70   Section        0  printf8.o(i._printf_core)
    _printf_post_padding                     0x07fc1199   Thumb Code    32  printf8.o(i._printf_post_padding)
    i._printf_post_padding                   0x07fc1198   Section        0  printf8.o(i._printf_post_padding)
    _printf_pre_padding                      0x07fc11b9   Thumb Code    44  printf8.o(i._printf_pre_padding)
    i._printf_pre_padding                    0x07fc11b8   Section        0  printf8.o(i._printf_pre_padding)
    _sputc                                   0x07fc11e5   Thumb Code    10  printf8.o(i._sputc)
    i._sputc                                 0x07fc11e4   Section        0  printf8.o(i._sputc)
    [Anonymous Symbol]                       0x07fc11f0   Section        0  lto-llvm-94a7b0.o(system_DA14xxx)
    __arm_cp.0_0                             0x07fc125c   Number         4  lto-llvm-94a7b0.o(system_DA14xxx)
    __arm_cp.0_1                             0x07fc1260   Number         4  lto-llvm-94a7b0.o(system_DA14xxx)
    __arm_cp.0_2                             0x07fc1264   Number         4  lto-llvm-94a7b0.o(system_DA14xxx)
    __arm_cp.0_3                             0x07fc1268   Number         4  lto-llvm-94a7b0.o(system_DA14xxx)
    __arm_cp.0_4                             0x07fc126c   Number         4  lto-llvm-94a7b0.o(system_DA14xxx)
    booter_val.1                             0x07fc8000   Data           2  lto-llvm-94a7b0.o(otp_cs_booter)
    [Anonymous Symbol]                       0x07fc8000   Section        0  lto-llvm-94a7b0.o(otp_cs_booter)
    booter_val.2                             0x07fc8002   Data           2  lto-llvm-94a7b0.o(otp_cs_booter)
    booter_val.3                             0x07fc8004   Data           2  lto-llvm-94a7b0.o(otp_cs_booter)
    syscntl_dcdc_state.0                     0x07fc8008   Data           1  lto-llvm-94a7b0.o(.bss..L_MergedGlobals.20)
    [Anonymous Symbol]                       0x07fc8008   Section        0  lto-llvm-94a7b0.o(.bss..L_MergedGlobals.20)
    syscntl_dcdc_state.1                     0x07fc8009   Data           1  lto-llvm-94a7b0.o(.bss..L_MergedGlobals.20)
    otp_cs                                   0x07fc800c   Data         108  lto-llvm-94a7b0.o(.bss.retention_mem_area0)
    [Anonymous Symbol]                       0x07fc800c   Section        0  lto-llvm-94a7b0.o(.bss.retention_mem_area0)
    dcdc_reserved                            0x07fc8078   Data           1  lto-llvm-94a7b0.o(.bss.retention_mem_area0)
    uartn_env                                0x07fc807c   Data          64  lto-llvm-94a7b0.o(.bss.retention_mem_area0)
    STACK                                    0x07fc80c0   Section     1792  startup_da14531.o(STACK)

    Global Symbols

    Symbol Name                              Value     Ov Type        Size  Object(Section)

    BuildAttributes$$THM_ISAv3M$S$PE$A:L22$X:L11$S22$IEEE1$IW$~IW$USESV6$~STKCKD$USESV7$~SHL$OSPACE$ROPI$IEEEF$EBA8$MICROLIB$REQ8$PRES8$EABIv2 0x00000000   Number         0  anon$$obj.o ABSOLUTE
    _printf_a                                0x00000000   Number         0  printfstubs.o ABSOLUTE
    _printf_c                                0x00000000   Number         0  printfstubs.o ABSOLUTE
    _printf_charcount                        0x00000000   Number         0  printfstubs.o ABSOLUTE
    _printf_d                                0x00000000   Number         0  printfstubs.o ABSOLUTE
    _printf_e                                0x00000000   Number         0  printfstubs.o ABSOLUTE
    _printf_f                                0x00000000   Number         0  printfstubs.o ABSOLUTE
    _printf_flags                            0x00000000   Number         0  printfstubs.o ABSOLUTE
    _printf_fp_dec                           0x00000000   Number         0  printfstubs.o ABSOLUTE
    _printf_fp_hex                           0x00000000   Number         0  printfstubs.o ABSOLUTE
    _printf_g                                0x00000000   Number         0  printfstubs.o ABSOLUTE
    _printf_i                                0x00000000   Number         0  printfstubs.o ABSOLUTE
    _printf_int_dec                          0x00000000   Number         0  printfstubs.o ABSOLUTE
    _printf_l                                0x00000000   Number         0  printfstubs.o ABSOLUTE
    _printf_lc                               0x00000000   Number         0  printfstubs.o ABSOLUTE
    _printf_ll                               0x00000000   Number         0  printfstubs.o ABSOLUTE
    _printf_lld                              0x00000000   Number         0  printfstubs.o ABSOLUTE
    _printf_lli                              0x00000000   Number         0  printfstubs.o ABSOLUTE
    _printf_llo                              0x00000000   Number         0  printfstubs.o ABSOLUTE
    _printf_llu                              0x00000000   Number         0  printfstubs.o ABSOLUTE
    _printf_llx                              0x00000000   Number         0  printfstubs.o ABSOLUTE
    _printf_longlong_dec                     0x00000000   Number         0  printfstubs.o ABSOLUTE
    _printf_longlong_hex                     0x00000000   Number         0  printfstubs.o ABSOLUTE
    _printf_longlong_oct                     0x00000000   Number         0  printfstubs.o ABSOLUTE
    _printf_ls                               0x00000000   Number         0  printfstubs.o ABSOLUTE
    _printf_mbtowc                           0x00000000   Number         0  printfstubs.o ABSOLUTE
    _printf_n                                0x00000000   Number         0  printfstubs.o ABSOLUTE
    _printf_o                                0x00000000   Number         0  printfstubs.o ABSOLUTE
    _printf_p                                0x00000000   Number         0  printfstubs.o ABSOLUTE
    _printf_percent                          0x00000000   Number         0  printfstubs.o ABSOLUTE
    _printf_pre_padding                      0x00000000   Number         0  printfstubs.o ABSOLUTE
    _printf_return_value                     0x00000000   Number         0  printfstubs.o ABSOLUTE
    _printf_s                                0x00000000   Number         0  printfstubs.o ABSOLUTE
    _printf_sizespec                         0x00000000   Number         0  printfstubs.o ABSOLUTE
    _printf_str                              0x00000000   Number         0  printfstubs.o ABSOLUTE
    _printf_truncate_signed                  0x00000000   Number         0  printfstubs.o ABSOLUTE
    _printf_truncate_unsigned                0x00000000   Number         0  printfstubs.o ABSOLUTE
    _printf_u                                0x00000000   Number         0  printfstubs.o ABSOLUTE
    _printf_wc                               0x00000000   Number         0  printfstubs.o ABSOLUTE
    _printf_wctomb                           0x00000000   Number         0  printfstubs.o ABSOLUTE
    _printf_widthprec                        0x00000000   Number         0  printfstubs.o ABSOLUTE
    _printf_x                                0x00000000   Number         0  printfstubs.o ABSOLUTE
    __cpp_initialize__aeabi_                  - Undefined Weak Reference
    __cxa_finalize                            - Undefined Weak Reference
    __decompress                              - Undefined Weak Reference
    _clock_init                               - Undefined Weak Reference
    _microlib_exit                            - Undefined Weak Reference
    reset_indication                          - Undefined Weak Reference
    rf_pa_pwr_get                             - Undefined Weak Reference
    sb_read_otp_header                        - Undefined Weak Reference
    sb_set_debugger_mode                      - Undefined Weak Reference
    __Vectors_Size                           0x000000a0   Number         0  startup_da14531.o ABSOLUTE
    __Vectors                                0x07fc0000   Data           4  startup_da14531.o(RESET)
    __Vectors_End                            0x07fc00a0   Data           0  startup_da14531.o(RESET)
    __main                                   0x07fc00a1   Thumb Code     0  entry.o(.ARM.Collect$$$$00000000)
    _main_stk                                0x07fc00a1   Thumb Code     0  entry2.o(.ARM.Collect$$$$00000001)
    _main_scatterload                        0x07fc00a5   Thumb Code     0  entry5.o(.ARM.Collect$$$$00000004)
    __main_after_scatterload                 0x07fc00a9   Thumb Code     0  entry5.o(.ARM.Collect$$$$00000004)
    _main_clock                              0x07fc00a9   Thumb Code     0  entry7b.o(.ARM.Collect$$$$00000008)
    _main_cpp_init                           0x07fc00a9   Thumb Code     0  entry8b.o(.ARM.Collect$$$$0000000A)
    _main_init                               0x07fc00a9   Thumb Code     0  entry9a.o(.ARM.Collect$$$$0000000B)
    __rt_final_cpp                           0x07fc00b1   Thumb Code     0  entry10a.o(.ARM.Collect$$$$0000000D)
    __rt_final_exit                          0x07fc00b1   Thumb Code     0  entry11a.o(.ARM.Collect$$$$0000000F)
    Reset_Handler                            0x07fc00b5   Thumb Code     8  startup_da14531.o(.text)
    SVC_Handler                              0x07fc00ed   Thumb Code     2  startup_da14531.o(.text)
    PendSV_Handler                           0x07fc00ef   Thumb Code     2  startup_da14531.o(.text)
    SysTick_Handler                          0x07fc00f1   Thumb Code     2  startup_da14531.o(.text)
    ADC_Handler                              0x07fc00f3   Thumb Code     0  startup_da14531.o(.text)
    BLE_RF_DIAG_Handler                      0x07fc00f3   Thumb Code     0  startup_da14531.o(.text)
    BLE_WAKEUP_LP_Handler                    0x07fc00f3   Thumb Code     0  startup_da14531.o(.text)
    DMA_Handler                              0x07fc00f3   Thumb Code     0  startup_da14531.o(.text)
    KEYBRD_Handler                           0x07fc00f3   Thumb Code     0  startup_da14531.o(.text)
    RESERVED21_Handler                       0x07fc00f3   Thumb Code     0  startup_da14531.o(.text)
    RESERVED22_Handler                       0x07fc00f3   Thumb Code     0  startup_da14531.o(.text)
    RESERVED23_Handler                       0x07fc00f3   Thumb Code     0  startup_da14531.o(.text)
    RFCAL_Handler                            0x07fc00f3   Thumb Code     0  startup_da14531.o(.text)
    RTC_Handler                              0x07fc00f3   Thumb Code     0  startup_da14531.o(.text)
    SPI_Handler                              0x07fc00f3   Thumb Code     0  startup_da14531.o(.text)
    SWTIM1_Handler                           0x07fc00f3   Thumb Code     0  startup_da14531.o(.text)
    SWTIM_Handler                            0x07fc00f3   Thumb Code     0  startup_da14531.o(.text)
    WKUP_QUADEC_Handler                      0x07fc00f3   Thumb Code     0  startup_da14531.o(.text)
    XTAL32M_RDY_Handler                      0x07fc00f3   Thumb Code     0  startup_da14531.o(.text)
    rwble_isr                                0x07fc00f3   Thumb Code     0  startup_da14531.o(.text)
    arch_asm_delay_us                        0x07fc0105   Thumb Code    32  arch_asm.o(.text)
    strlen                                   0x07fc0125   Thumb Code    14  strlen.o(.text)
    __aeabi_uldivmod                         0x07fc0133   Thumb Code    96  uldiv.o(.text)
    __scatterload                            0x07fc0195   Thumb Code    38  init.o(.text)
    __scatterload_rt2                        0x07fc0195   Thumb Code     0  init.o(.text)
    __aeabi_llsl                             0x07fc01c5   Thumb Code    32  llshl.o(.text)
    _ll_shift_l                              0x07fc01c5   Thumb Code     0  llshl.o(.text)
    __aeabi_llsr                             0x07fc01e5   Thumb Code    34  llushr.o(.text)
    _ll_ushift_r                             0x07fc01e5   Thumb Code     0  llushr.o(.text)
    __aeabi_memcpy                           0x07fc0207   Thumb Code    36  memcpya.o(.text)
    __aeabi_memcpy4                          0x07fc0207   Thumb Code     0  memcpya.o(.text)
    __aeabi_memcpy8                          0x07fc0207   Thumb Code     0  memcpya.o(.text)
    GPIO0_Handler                            0x07fc022b   Thumb Code    10  lto-llvm-94a7b0.o(.text.GPIO0_Handler)
    GPIO1_Handler                            0x07fc0235   Thumb Code    10  lto-llvm-94a7b0.o(.text.GPIO1_Handler)
    GPIO2_Handler                            0x07fc023f   Thumb Code    10  lto-llvm-94a7b0.o(.text.GPIO2_Handler)
    GPIO3_Handler                            0x07fc0249   Thumb Code    10  lto-llvm-94a7b0.o(.text.GPIO3_Handler)
    GPIO4_Handler                            0x07fc0253   Thumb Code    10  lto-llvm-94a7b0.o(.text.GPIO4_Handler)
    HardFault_HandlerC                       0x07fc02a5   Thumb Code     2  lto-llvm-94a7b0.o(.text.HardFault_HandlerC)
    I2C_Handler                              0x07fc02a9   Thumb Code    12  lto-llvm-94a7b0.o(.text.I2C_Handler)
    NMI_HandlerC                             0x07fc02bd   Thumb Code     2  lto-llvm-94a7b0.o(.text.NMI_HandlerC)
    UART2_Handler                            0x07fc02c1   Thumb Code    12  lto-llvm-94a7b0.o(.text.UART2_Handler)
    UART_Handler                             0x07fc02d1   Thumb Code    12  lto-llvm-94a7b0.o(.text.UART_Handler)
    main                                     0x07fc0395   Thumb Code  1912  lto-llvm-94a7b0.o(.text.main)
    __0sprintf$8                             0x07fc0d29   Thumb Code    36  printf8.o(i.__0sprintf$8)
    __1sprintf$8                             0x07fc0d29   Thumb Code     0  printf8.o(i.__0sprintf$8)
    __2sprintf                               0x07fc0d29   Thumb Code     0  printf8.o(i.__0sprintf$8)
    __scatterload_copy                       0x07fc0d51   Thumb Code    14  handlers.o(i.__scatterload_copy)
    __scatterload_null                       0x07fc0d5f   Thumb Code     2  handlers.o(i.__scatterload_null)
    __scatterload_zeroinit                   0x07fc0d61   Thumb Code    14  handlers.o(i.__scatterload_zeroinit)
    SystemInit                               0x07fc11f1   Thumb Code   108  lto-llvm-94a7b0.o(system_DA14xxx)
    Region$$Table$$Base                      0x07fc1270   Number         0  anon$$obj.o(Region$$Table)
    Region$$Table$$Limit                     0x07fc1290   Number         0  anon$$obj.o(Region$$Table)
    __initial_sp                             0x07fc87c0   Data           0  startup_da14531.o(STACK)



==============================================================================

Memory Map of the image

  Image Entry point : 0x07fc00a1

  Load Region LR_IROM1 (Base: 0x07fc0000, Size: 0x00001298, Max: 0x00008000, ABSOLUTE)

    Execution Region ER_IROM1 (Exec base: 0x07fc0000, Load base: 0x07fc0000, Size: 0x00001290, Max: 0x00008000, ABSOLUTE)

    Exec Addr    Load Addr    Size         Type   Attr      Idx    E Section Name        Object

    0x07fc0000   0x07fc0000   0x000000a0   Data   RO            4    RESET               startup_da14531.o
    0x07fc00a0   0x07fc00a0   0x00000000   Code   RO           24  * .ARM.Collect$$$$00000000  mc_p.l(entry.o)
    0x07fc00a0   0x07fc00a0   0x00000004   Code   RO          290    .ARM.Collect$$$$00000001  mc_p.l(entry2.o)
    0x07fc00a4   0x07fc00a4   0x00000004   Code   RO          293    .ARM.Collect$$$$00000004  mc_p.l(entry5.o)
    0x07fc00a8   0x07fc00a8   0x00000000   Code   RO          295    .ARM.Collect$$$$00000008  mc_p.l(entry7b.o)
    0x07fc00a8   0x07fc00a8   0x00000000   Code   RO          297    .ARM.Collect$$$$0000000A  mc_p.l(entry8b.o)
    0x07fc00a8   0x07fc00a8   0x00000008   Code   RO          298    .ARM.Collect$$$$0000000B  mc_p.l(entry9a.o)
    0x07fc00b0   0x07fc00b0   0x00000000   Code   RO          300    .ARM.Collect$$$$0000000D  mc_p.l(entry10a.o)
    0x07fc00b0   0x07fc00b0   0x00000000   Code   RO          302    .ARM.Collect$$$$0000000F  mc_p.l(entry11a.o)
    0x07fc00b0   0x07fc00b0   0x00000004   Code   RO          291    .ARM.Collect$$$$00002712  mc_p.l(entry2.o)
    0x07fc00b4   0x07fc00b4   0x00000050   Code   RO            5    .text               startup_da14531.o
    0x07fc0104   0x07fc0104   0x00000020   Code   RO           22    .text               da14531.lib(arch_asm.o)
    0x07fc0124   0x07fc0124   0x0000000e   Code   RO           27    .text               mc_p.l(strlen.o)
    0x07fc0132   0x07fc0132   0x00000060   Code   RO          313    .text               mc_p.l(uldiv.o)
    0x07fc0192   0x07fc0192   0x00000002   PAD
    0x07fc0194   0x07fc0194   0x00000030   Code   RO          326    .text               mc_p.l(init.o)
    0x07fc01c4   0x07fc01c4   0x00000020   Code   RO          337    .text               mc_p.l(llshl.o)
    0x07fc01e4   0x07fc01e4   0x00000022   Code   RO          339    .text               mc_p.l(llushr.o)
    0x07fc0206   0x07fc0206   0x00000024   Code   RO          400    .text               mc_p.l(memcpya.o)
    0x07fc022a   0x07fc022a   0x0000000a   Code   RO          361    .text.GPIO0_Handler  lto-llvm-94a7b0.o
    0x07fc0234   0x07fc0234   0x0000000a   Code   RO          363    .text.GPIO1_Handler  lto-llvm-94a7b0.o
    0x07fc023e   0x07fc023e   0x0000000a   Code   RO          365    .text.GPIO2_Handler  lto-llvm-94a7b0.o
    0x07fc0248   0x07fc0248   0x0000000a   Code   RO          367    .text.GPIO3_Handler  lto-llvm-94a7b0.o
    0x07fc0252   0x07fc0252   0x0000000a   Code   RO          369    .text.GPIO4_Handler  lto-llvm-94a7b0.o
    0x07fc025c   0x07fc025c   0x00000048   Code   RO          359    .text.GPIOn_Handler  lto-llvm-94a7b0.o
    0x07fc02a4   0x07fc02a4   0x00000002   Code   RO          351    .text.HardFault_HandlerC  lto-llvm-94a7b0.o
    0x07fc02a6   0x07fc02a6   0x00000002   PAD
    0x07fc02a8   0x07fc02a8   0x00000014   Code   RO          383    .text.I2C_Handler   lto-llvm-94a7b0.o
    0x07fc02bc   0x07fc02bc   0x00000002   Code   RO          353    .text.NMI_HandlerC  lto-llvm-94a7b0.o
    0x07fc02be   0x07fc02be   0x00000002   PAD
    0x07fc02c0   0x07fc02c0   0x00000010   Code   RO          377    .text.UART2_Handler  lto-llvm-94a7b0.o
    0x07fc02d0   0x07fc02d0   0x00000010   Code   RO          371    .text.UART_Handler  lto-llvm-94a7b0.o
    0x07fc02e0   0x07fc02e0   0x0000005c   Code   RO          381    .text.i2c_master_transmit_buffer_sync  lto-llvm-94a7b0.o
    0x07fc033c   0x07fc033c   0x00000058   Code   RO          385    .text.i2c_read_reg  lto-llvm-94a7b0.o
    0x07fc0394   0x07fc0394   0x00000804   Code   RO          387    .text.main          lto-llvm-94a7b0.o
    0x07fc0b98   0x07fc0b98   0x0000002c   Code   RO          379    .text.printf_string  lto-llvm-94a7b0.o
    0x07fc0bc4   0x07fc0bc4   0x00000014   Code   RO          355    .text.syscntl_dcdc_get_level  lto-llvm-94a7b0.o
    0x07fc0bd8   0x07fc0bd8   0x00000034   Code   RO          357    .text.syscntl_dcdc_set_level  lto-llvm-94a7b0.o
    0x07fc0c0c   0x07fc0c0c   0x000000d0   Code   RO          373    .text.uart_intr_hndl  lto-llvm-94a7b0.o
    0x07fc0cdc   0x07fc0cdc   0x0000004c   Code   RO          375    .text.uart_rx_isr   lto-llvm-94a7b0.o
    0x07fc0d28   0x07fc0d28   0x00000028   Code   RO          238    i.__0sprintf$8      mc_p.l(printf8.o)
    0x07fc0d50   0x07fc0d50   0x0000000e   Code   RO          406    i.__scatterload_copy  mc_p.l(handlers.o)
    0x07fc0d5e   0x07fc0d5e   0x00000002   Code   RO          407    i.__scatterload_null  mc_p.l(handlers.o)
    0x07fc0d60   0x07fc0d60   0x0000000e   Code   RO          408    i.__scatterload_zeroinit  mc_p.l(handlers.o)
    0x07fc0d6e   0x07fc0d6e   0x00000002   PAD
    0x07fc0d70   0x07fc0d70   0x00000428   Code   RO          243    i._printf_core      mc_p.l(printf8.o)
    0x07fc1198   0x07fc1198   0x00000020   Code   RO          244    i._printf_post_padding  mc_p.l(printf8.o)
    0x07fc11b8   0x07fc11b8   0x0000002c   Code   RO          245    i._printf_pre_padding  mc_p.l(printf8.o)
    0x07fc11e4   0x07fc11e4   0x0000000a   Code   RO          247    i._sputc            mc_p.l(printf8.o)
    0x07fc11ee   0x07fc11ee   0x00000002   PAD
    0x07fc11f0   0x07fc11f0   0x00000080   Code   RO          349    system_DA14xxx      lto-llvm-94a7b0.o
    0x07fc1270   0x07fc1270   0x00000020   Data   RO          405    Region$$Table       anon$$obj.o


    Execution Region RW_IRAM1 (Exec base: 0x07fc8000, Load base: 0x07fc1290, Size: 0x000007c0, Max: 0x00004000, ABSOLUTE)

    Exec Addr    Load Addr    Size         Type   Attr      Idx    E Section Name        Object

    0x07fc8000   0x07fc1290   0x00000006   Data   RW          391    otp_cs_booter       lto-llvm-94a7b0.o
    0x07fc8006   0x07fc1296   0x00000002   PAD
    0x07fc8008        -       0x00000002   Zero   RW          392    .bss..L_MergedGlobals.20  lto-llvm-94a7b0.o
    0x07fc800a   0x07fc1296   0x00000002   PAD
    0x07fc800c        -       0x000000b0   Zero   RW          389    .bss.retention_mem_area0  lto-llvm-94a7b0.o
    0x07fc80bc   0x07fc1296   0x00000004   PAD
    0x07fc80c0        -       0x00000700   Zero   RW            2    STACK               startup_da14531.o


==============================================================================

Image component sizes


      Code (inc. data)   RO Data    RW Data    ZI Data      Debug   Object Name

      2938        340          0          6        178      43122   lto-llvm-94a7b0.o
        80         16        160          0       1792        780   startup_da14531.o

    ----------------------------------------------------------------------
      3022        356        192          8       1976      43902   Object Totals
         0          0         32          0          0          0   (incl. Generated)
         4          0          0          2          6          0   (incl. Padding)

    ----------------------------------------------------------------------

      Code (inc. data)   RO Data    RW Data    ZI Data      Debug   Library Member Name

        32          0          0          0          0         68   arch_asm.o
         0          0          0          0          0          0   entry.o
         0          0          0          0          0          0   entry10a.o
         0          0          0          0          0          0   entry11a.o
         8          4          0          0          0          0   entry2.o
         4          0          0          0          0          0   entry5.o
         0          0          0          0          0          0   entry7b.o
         0          0          0          0          0          0   entry8b.o
         8          4          0          0          0          0   entry9a.o
        30          0          0          0          0          0   handlers.o
        48         10          0          0          0         68   init.o
        32          0          0          0          0         68   llshl.o
        34          0          0          0          0         68   llushr.o
        36          0          0          0          0         60   memcpya.o
      1190         48          0          0          0        384   printf8.o
        14          0          0          0          0         60   strlen.o
        96          0          0          0          0         84   uldiv.o

    ----------------------------------------------------------------------
      1538         66          0          0          0        860   Library Totals
         6          0          0          0          0          0   (incl. Padding)

    ----------------------------------------------------------------------

      Code (inc. data)   RO Data    RW Data    ZI Data      Debug   Library Name

        32          0          0          0          0         68   da14531.lib
      1500         66          0          0          0        792   mc_p.l

    ----------------------------------------------------------------------
      1538         66          0          0          0        860   Library Totals

    ----------------------------------------------------------------------

==============================================================================


      Code (inc. data)   RO Data    RW Data    ZI Data      Debug   

      4560        422        192          8       1976      44554   Grand Totals
      4560        422        192          8       1976      44554   ELF Image Totals
      4560        422        192          8          0          0   ROM Totals

==============================================================================

    Total RO  Size (Code + RO Data)                 4752 (   4.64kB)
    Total RW  Size (RW Data + ZI Data)              1984 (   1.94kB)
    Total ROM Size (Code + RO Data + RW Data)       4760 (   4.65kB)

==============================================================================

